  Determining projects to restore...
  All projects are up-to-date for restore.
C:\Users\ROY\.gemini\antigravity\scratch\PromptEngineeringHub\src\PromptHub.Web\Pages\Batch.razor(18,17): warning RZ10012: Found markup element with unexpected name 'ActivatorContent'. If this is intended to be a component, add a @using directive for its namespace. [C:\Users\ROY\.gemini\antigravity\scratch\PromptEngineeringHub\src\PromptHub.Web\PromptHub.Web.csproj]
C:\Users\ROY\.gemini\antigravity\scratch\PromptEngineeringHub\src\PromptHub.Web\Services\PromptService.cs(35,67): error CS0246: The type or namespace name 'ExpandPromptResponse' could not be found (are you missing a using directive or an assembly reference?) [C:\Users\ROY\.gemini\antigravity\scratch\PromptEngineeringHub\src\PromptHub.Web\PromptHub.Web.csproj]
C:\Users\ROY\.gemini\antigravity\scratch\PromptEngineeringHub\src\PromptHub.Web\Pages\Workspace.razor(23,88): error CS1061: 'ExpandPromptRequest' does not contain a definition for 'Prompt' and no accessible extension method 'Prompt' accepting a first argument of type 'ExpandPromptRequest' could be found (are you missing a using directive or an assembly reference?) [C:\Users\ROY\.gemini\antigravity\scratch\PromptEngineeringHub\src\PromptHub.Web\PromptHub.Web.csproj]
C:\Users\ROY\.gemini\antigravity\scratch\PromptEngineeringHub\src\PromptHub.Web\obj\Debug\net10.0\Microsoft.CodeAnalysis.Razor.Compiler\Microsoft.NET.Sdk.Razor.SourceGenerators.RazorSourceGenerator\Pages_Workspace_razor.g.cs(436,504): error CS1061: 'ExpandPromptRequest' does not contain a definition for 'Prompt' and no accessible extension method 'Prompt' accepting a first argument of type 'ExpandPromptRequest' could be found (are you missing a using directive or an assembly reference?) [C:\Users\ROY\.gemini\antigravity\scratch\PromptEngineeringHub\src\PromptHub.Web\PromptHub.Web.csproj]
C:\Users\ROY\.gemini\antigravity\scratch\PromptEngineeringHub\src\PromptHub.Web\obj\Debug\net10.0\Microsoft.CodeAnalysis.Razor.Compiler\Microsoft.NET.Sdk.Razor.SourceGenerators.RazorSourceGenerator\Pages_Workspace_razor.g.cs(436,477): error CS1061: 'ExpandPromptRequest' does not contain a definition for 'Prompt' and no accessible extension method 'Prompt' accepting a first argument of type 'ExpandPromptRequest' could be found (are you missing a using directive or an assembly reference?) [C:\Users\ROY\.gemini\antigravity\scratch\PromptEngineeringHub\src\PromptHub.Web\PromptHub.Web.csproj]
C:\Users\ROY\.gemini\antigravity\scratch\PromptEngineeringHub\src\PromptHub.Web\Pages\Workspace.razor(103,22): error CS1061: 'ExpandPromptRequest' does not contain a definition for 'Prompt' and no accessible extension method 'Prompt' accepting a first argument of type 'ExpandPromptRequest' could be found (are you missing a using directive or an assembly reference?) [C:\Users\ROY\.gemini\antigravity\scratch\PromptEngineeringHub\src\PromptHub.Web\PromptHub.Web.csproj]
C:\Users\ROY\.gemini\antigravity\scratch\PromptEngineeringHub\src\PromptHub.Web\Pages\Workspace.razor(127,18): error CS1061: 'ExpandPromptRequest' does not contain a definition for 'Variables' and no accessible extension method 'Variables' accepting a first argument of type 'ExpandPromptRequest' could be found (are you missing a using directive or an assembly reference?) [C:\Users\ROY\.gemini\antigravity\scratch\PromptEngineeringHub\src\PromptHub.Web\PromptHub.Web.csproj]
C:\Users\ROY\.gemini\antigravity\scratch\PromptEngineeringHub\src\PromptHub.Web\Pages\Batch.razor(1,1): warning MUD0002: Illegal Attribute 'ChildContent' on 'MudFileUpload' using pattern 'LowerCase' source location '(346,24)-(407,26)' (https://mudblazor.com/features/analyzers) [C:\Users\ROY\.gemini\antigravity\scratch\PromptEngineeringHub\src\PromptHub.Web\PromptHub.Web.csproj]

Build FAILED.

C:\Users\ROY\.gemini\antigravity\scratch\PromptEngineeringHub\src\PromptHub.Web\Pages\Batch.razor(18,17): warning RZ10012: Found markup element with unexpected name 'ActivatorContent'. If this is intended to be a component, add a @using directive for its namespace. [C:\Users\ROY\.gemini\antigravity\scratch\PromptEngineeringHub\src\PromptHub.Web\PromptHub.Web.csproj]
C:\Users\ROY\.gemini\antigravity\scratch\PromptEngineeringHub\src\PromptHub.Web\Pages\Batch.razor(1,1): warning MUD0002: Illegal Attribute 'ChildContent' on 'MudFileUpload' using pattern 'LowerCase' source location '(346,24)-(407,26)' (https://mudblazor.com/features/analyzers) [C:\Users\ROY\.gemini\antigravity\scratch\PromptEngineeringHub\src\PromptHub.Web\PromptHub.Web.csproj]
C:\Users\ROY\.gemini\antigravity\scratch\PromptEngineeringHub\src\PromptHub.Web\Services\PromptService.cs(35,67): error CS0246: The type or namespace name 'ExpandPromptResponse' could not be found (are you missing a using directive or an assembly reference?) [C:\Users\ROY\.gemini\antigravity\scratch\PromptEngineeringHub\src\PromptHub.Web\PromptHub.Web.csproj]
C:\Users\ROY\.gemini\antigravity\scratch\PromptEngineeringHub\src\PromptHub.Web\Pages\Workspace.razor(23,88): error CS1061: 'ExpandPromptRequest' does not contain a definition for 'Prompt' and no accessible extension method 'Prompt' accepting a first argument of type 'ExpandPromptRequest' could be found (are you missing a using directive or an assembly reference?) [C:\Users\ROY\.gemini\antigravity\scratch\PromptEngineeringHub\src\PromptHub.Web\PromptHub.Web.csproj]
C:\Users\ROY\.gemini\antigravity\scratch\PromptEngineeringHub\src\PromptHub.Web\obj\Debug\net10.0\Microsoft.CodeAnalysis.Razor.Compiler\Microsoft.NET.Sdk.Razor.SourceGenerators.RazorSourceGenerator\Pages_Workspace_razor.g.cs(436,504): error CS1061: 'ExpandPromptRequest' does not contain a definition for 'Prompt' and no accessible extension method 'Prompt' accepting a first argument of type 'ExpandPromptRequest' could be found (are you missing a using directive or an assembly reference?) [C:\Users\ROY\.gemini\antigravity\scratch\PromptEngineeringHub\src\PromptHub.Web\PromptHub.Web.csproj]
C:\Users\ROY\.gemini\antigravity\scratch\PromptEngineeringHub\src\PromptHub.Web\obj\Debug\net10.0\Microsoft.CodeAnalysis.Razor.Compiler\Microsoft.NET.Sdk.Razor.SourceGenerators.RazorSourceGenerator\Pages_Workspace_razor.g.cs(436,477): error CS1061: 'ExpandPromptRequest' does not contain a definition for 'Prompt' and no accessible extension method 'Prompt' accepting a first argument of type 'ExpandPromptRequest' could be found (are you missing a using directive or an assembly reference?) [C:\Users\ROY\.gemini\antigravity\scratch\PromptEngineeringHub\src\PromptHub.Web\PromptHub.Web.csproj]
C:\Users\ROY\.gemini\antigravity\scratch\PromptEngineeringHub\src\PromptHub.Web\Pages\Workspace.razor(103,22): error CS1061: 'ExpandPromptRequest' does not contain a definition for 'Prompt' and no accessible extension method 'Prompt' accepting a first argument of type 'ExpandPromptRequest' could be found (are you missing a using directive or an assembly reference?) [C:\Users\ROY\.gemini\antigravity\scratch\PromptEngineeringHub\src\PromptHub.Web\PromptHub.Web.csproj]
C:\Users\ROY\.gemini\antigravity\scratch\PromptEngineeringHub\src\PromptHub.Web\Pages\Workspace.razor(127,18): error CS1061: 'ExpandPromptRequest' does not contain a definition for 'Variables' and no accessible extension method 'Variables' accepting a first argument of type 'ExpandPromptRequest' could be found (are you missing a using directive or an assembly reference?) [C:\Users\ROY\.gemini\antigravity\scratch\PromptEngineeringHub\src\PromptHub.Web\PromptHub.Web.csproj]
    2 Warning(s)
    6 Error(s)

Time Elapsed 00:00:05.81
